2019/02/10 01:16:02 /Users/seijiro/GoogleDrive/go/src/github.com/modeverv/go2019/main.go:352: logging
2019/02/10 01:16:02 /Users/seijiro/GoogleDrive/go/src/github.com/modeverv/go2019/main.go:353: string test
2019/02/10 01:16:34 /Users/seijiro/GoogleDrive/go/src/github.com/modeverv/go2019/main.go:352: logging
2019/02/10 01:16:34 /Users/seijiro/GoogleDrive/go/src/github.com/modeverv/go2019/main.go:353: string test
2019/02/10 01:16:34 /Users/seijiro/GoogleDrive/go/src/github.com/modeverv/go2019/main.go:357: Exitopen fdafeafwafasd: no such file or directory
